C:\Users\DREDSON01\Desktop\id-problem\Pluralsight\comference-demo\src\main\java\com\project\comference\config\PersistenceConfiguration.java
C:\Users\DREDSON01\Desktop\id-problem\Pluralsight\comference-demo\src\main\java\com\project\comference\controllers\HomeController.java
C:\Users\DREDSON01\Desktop\id-problem\Pluralsight\comference-demo\src\main\java\com\project\comference\repositories\SpeakerRepository.java
C:\Users\DREDSON01\Desktop\id-problem\Pluralsight\comference-demo\src\main\java\com\project\comference\repositories\SessionRepository.java
C:\Users\DREDSON01\Desktop\id-problem\Pluralsight\comference-demo\src\main\java\com\project\comference\models\Session.java
C:\Users\DREDSON01\Desktop\id-problem\Pluralsight\comference-demo\src\main\java\com\project\comference\models\Speaker.java
C:\Users\DREDSON01\Desktop\id-problem\Pluralsight\comference-demo\src\main\java\com\project\comference\controllers\SpeakersController.java
C:\Users\DREDSON01\Desktop\id-problem\Pluralsight\comference-demo\src\main\java\com\project\comference\controllers\SessionsController.java
C:\Users\DREDSON01\Desktop\id-problem\Pluralsight\comference-demo\src\main\java\com\project\comference\ComferenceDemoApplication.java
